// Jest Snapshot v1, https://goo.gl/fbAQLP

exports[`Themes spec should render proper 1`] = `
<div
  class="sc-bdVaJa fAEWqR"
>
  <div
    class="sc-bwzfXH bHQwkq"
  />
  <div
    class="sc-htpNat idcnyQ"
  >
    |
  </div>
</div>
`;
